// Jest Snapshot v1, https://goo.gl/fbAQLP

exports[`Test in <ProfilePage/> Container must render and match snapshot 1`] = `<div />`;
