// Jest Snapshot v1, https://goo.gl/fbAQLP

exports[`Test in <FiltersCard/> Container must render and match snapshot 1`] = `
<div>
  <div
    class="MuiPaper-root MuiPaper-elevation MuiPaper-rounded MuiPaper-elevation1 MuiCard-root trainingCard css-bhp9pd-MuiPaper-root-MuiCard-root"
  >
    <button
      class="MuiButtonBase-root MuiCardActionArea-root css-1oitmrd-MuiButtonBase-root-MuiCardActionArea-root"
      tabindex="0"
      type="button"
    >
      <img
        class="MuiCardMedia-root MuiCardMedia-media MuiCardMedia-img cardImage css-o69gx8-MuiCardMedia-root"
      />
      <div
        class="MuiCardContent-root cardBg css-19akuni-MuiCardContent-root"
      >
        <h6
          class="MuiTypography-root MuiTypography-h6 css-fy86or-MuiTypography-root"
        />
      </div>
      <span
        class="MuiCardActionArea-focusHighlight css-1v2exvi-MuiCardActionArea-focusHighlight"
      />
      <span
        class="MuiTouchRipple-root css-8je8zh-MuiTouchRipple-root"
      />
    </button>
  </div>
</div>
`;
