// Jest Snapshot v1, https://goo.gl/fbAQLP

exports[`Tests in <EmptyContact/> Component must render and match snapshot 1`] = `<div />`;
