// Jest Snapshot v1, https://goo.gl/fbAQLP

exports[`Test in <SectionTitle/> Container must render and match snapshot 1`] = `
<div>
  <div
    class="MuiGrid-root MuiGrid-item MuiGrid-grid-xs-12 css-13i4rnv-MuiGrid-root"
  >
    <h3
      class="MuiTypography-root MuiTypography-h3 css-q03dls-MuiTypography-root"
    >
      TITLE
    </h3>
    <h6
      class="MuiTypography-root MuiTypography-h6 css-tl6e05-MuiTypography-root"
    >
      subtitle
    </h6>
    <hr
      class="separator"
    />
  </div>
</div>
`;
