// Jest Snapshot v1, https://goo.gl/fbAQLP

exports[`Test in <About/> Component must render and match snapshot 1`] = `<div />`;
