// Jest Snapshot v1, https://goo.gl/fbAQLP

exports[`Test in <LandingPage/> Container must render and match snapshot 1`] = `<div />`;
